[Sun Mar 27 14:08:16.358256 2022] [core:notice] [pid 1] AH00094: Command line: 'apache2 -D FOREGROUND'
[27-Mar-2022 14:09:57 UTC] PHP Warning:  Module 'curl' already loaded in Unknown on line 0
[27-Mar-2022 14:09:57 UTC] PHP Warning:  PHP Startup: Unable to load dynamic library 'sqlite3' (tried: /usr/local/lib/php/extensions/no-debug-non-zts-20190902/sqlite3 (/usr/local/lib/php/extensions/no-debug-non-zts-20190902/sqlite3: cannot open shared object file: No such file or directory), /usr/local/lib/php/extensions/no-debug-non-zts-20190902/sqlite3.so (/usr/local/lib/php/extensions/no-debug-non-zts-20190902/sqlite3.so: cannot open shared object file: No such file or directory)) in Unknown on line 0
[27-Mar-2022 14:09:57 UTC] PHP Warning:  Module 'intl' already loaded in Unknown on line 0
[27-Mar-2022 14:09:57 UTC] PHP Warning:  Module 'curl' already loaded in Unknown on line 0
[27-Mar-2022 14:09:57 UTC] PHP Warning:  PHP Startup: Unable to load dynamic library 'sqlite3' (tried: /usr/local/lib/php/extensions/no-debug-non-zts-20190902/sqlite3 (/usr/local/lib/php/extensions/no-debug-non-zts-20190902/sqlite3: cannot open shared object file: No such file or directory), /usr/local/lib/php/extensions/no-debug-non-zts-20190902/sqlite3.so (/usr/local/lib/php/extensions/no-debug-non-zts-20190902/sqlite3.so: cannot open shared object file: No such file or directory)) in Unknown on line 0
[27-Mar-2022 14:09:57 UTC] PHP Warning:  Module 'intl' already loaded in Unknown on line 0
[Sun Mar 27 14:10:12.851525 2022] [php7:error] [pid 19] [client 172.30.0.1:45066] script '/var/www/html/codeigniter4/index.php' not found or unable to stat, referer: http://localhost:8084/codeigniter4/public/
[Sun Mar 27 14:10:35.197940 2022] [mpm_prefork:notice] [pid 1] AH00170: caught SIGWINCH, shutting down gracefully
[27-Mar-2022 14:10:44 UTC] PHP Warning:  Module 'curl' already loaded in Unknown on line 0
[27-Mar-2022 14:10:44 UTC] PHP Warning:  PHP Startup: Unable to load dynamic library 'sqlite3' (tried: /usr/local/lib/php/extensions/no-debug-non-zts-20190902/sqlite3 (/usr/local/lib/php/extensions/no-debug-non-zts-20190902/sqlite3: cannot open shared object file: No such file or directory), /usr/local/lib/php/extensions/no-debug-non-zts-20190902/sqlite3.so (/usr/local/lib/php/extensions/no-debug-non-zts-20190902/sqlite3.so: cannot open shared object file: No such file or directory)) in Unknown on line 0
[27-Mar-2022 14:10:44 UTC] PHP Warning:  Module 'intl' already loaded in Unknown on line 0
[Sun Mar 27 14:10:44.798012 2022] [mpm_prefork:notice] [pid 1] AH00163: Apache/2.4.52 (Debian) PHP/7.4.28 OpenSSL/1.1.1k configured -- resuming normal operations
[Sun Mar 27 14:10:44.798143 2022] [core:notice] [pid 1] AH00094: Command line: 'apache2 -D FOREGROUND'
[Sun Mar 27 14:10:46.797839 2022] [php7:error] [pid 19] [client 172.31.0.1:60610] script '/var/www/html/codeigniter4/index.php' not found or unable to stat, referer: http://localhost:8084/codeigniter4/public/
[Sun Mar 27 14:10:48.132705 2022] [php7:error] [pid 19] [client 172.31.0.1:60610] script '/var/www/html/codeigniter4/index.php' not found or unable to stat, referer: http://localhost:8084/codeigniter4/public/
[Sun Mar 27 14:10:48.949252 2022] [php7:error] [pid 19] [client 172.31.0.1:60610] script '/var/www/html/codeigniter4/index.php' not found or unable to stat, referer: http://localhost:8084/codeigniter4/public/
[Sun Mar 27 14:11:16.497672 2022] [mpm_prefork:notice] [pid 1] AH00170: caught SIGWINCH, shutting down gracefully
[27-Mar-2022 14:30:02 UTC] PHP Warning:  Module 'curl' already loaded in Unknown on line 0
[27-Mar-2022 14:30:02 UTC] PHP Warning:  PHP Startup: Unable to load dynamic library 'sqlite3' (tried: /usr/local/lib/php/extensions/no-debug-non-zts-20190902/sqlite3 (/usr/local/lib/php/extensions/no-debug-non-zts-20190902/sqlite3: cannot open shared object file: No such file or directory), /usr/local/lib/php/extensions/no-debug-non-zts-20190902/sqlite3.so (/usr/local/lib/php/extensions/no-debug-non-zts-20190902/sqlite3.so: cannot open shared object file: No such file or directory)) in Unknown on line 0
[27-Mar-2022 14:30:02 UTC] PHP Warning:  Module 'intl' already loaded in Unknown on line 0
[Sun Mar 27 14:30:02.667432 2022] [mpm_prefork:notice] [pid 1] AH00163: Apache/2.4.52 (Debian) PHP/7.4.28 OpenSSL/1.1.1k configured -- resuming normal operations
[Sun Mar 27 14:30:02.667541 2022] [core:notice] [pid 1] AH00094: Command line: 'apache2 -D FOREGROUND'
[27-Mar-2022 14:32:13 UTC] PHP Warning:  Module 'curl' already loaded in Unknown on line 0
[27-Mar-2022 14:32:13 UTC] PHP Warning:  PHP Startup: Unable to load dynamic library 'sqlite3' (tried: /usr/local/lib/php/extensions/no-debug-non-zts-20190902/sqlite3 (/usr/local/lib/php/extensions/no-debug-non-zts-20190902/sqlite3: cannot open shared object file: No such file or directory), /usr/local/lib/php/extensions/no-debug-non-zts-20190902/sqlite3.so (/usr/local/lib/php/extensions/no-debug-non-zts-20190902/sqlite3.so: cannot open shared object file: No such file or directory)) in Unknown on line 0
[27-Mar-2022 14:32:13 UTC] PHP Warning:  Module 'intl' already loaded in Unknown on line 0
[27-Mar-2022 14:32:13 UTC] PHP Warning:  Module 'curl' already loaded in Unknown on line 0
[27-Mar-2022 14:32:13 UTC] PHP Warning:  PHP Startup: Unable to load dynamic library 'sqlite3' (tried: /usr/local/lib/php/extensions/no-debug-non-zts-20190902/sqlite3 (/usr/local/lib/php/extensions/no-debug-non-zts-20190902/sqlite3: cannot open shared object file: No such file or directory), /usr/local/lib/php/extensions/no-debug-non-zts-20190902/sqlite3.so (/usr/local/lib/php/extensions/no-debug-non-zts-20190902/sqlite3.so: cannot open shared object file: No such file or directory)) in Unknown on line 0
[27-Mar-2022 14:32:13 UTC] PHP Warning:  Module 'intl' already loaded in Unknown on line 0
[Sun Mar 27 14:32:33.610243 2022] [mpm_prefork:notice] [pid 1] AH00170: caught SIGWINCH, shutting down gracefully
[27-Mar-2022 14:33:06 UTC] PHP Warning:  Module 'curl' already loaded in Unknown on line 0
[27-Mar-2022 14:33:06 UTC] PHP Warning:  PHP Startup: Unable to load dynamic library 'sqlite3' (tried: /usr/local/lib/php/extensions/no-debug-non-zts-20190902/sqlite3 (/usr/local/lib/php/extensions/no-debug-non-zts-20190902/sqlite3: cannot open shared object file: No such file or directory), /usr/local/lib/php/extensions/no-debug-non-zts-20190902/sqlite3.so (/usr/local/lib/php/extensions/no-debug-non-zts-20190902/sqlite3.so: cannot open shared object file: No such file or directory)) in Unknown on line 0
[27-Mar-2022 14:33:06 UTC] PHP Warning:  Module 'intl' already loaded in Unknown on line 0
[Sun Mar 27 14:33:06.398222 2022] [mpm_prefork:notice] [pid 1] AH00163: Apache/2.4.52 (Debian) PHP/7.4.28 OpenSSL/1.1.1k configured -- resuming normal operations
[Sun Mar 27 14:33:06.398307 2022] [core:notice] [pid 1] AH00094: Command line: 'apache2 -D FOREGROUND'
[Sun Mar 27 14:33:28.134968 2022] [mpm_prefork:notice] [pid 1] AH00170: caught SIGWINCH, shutting down gracefully
[27-Mar-2022 14:33:38 UTC] PHP Warning:  Module 'curl' already loaded in Unknown on line 0
[27-Mar-2022 14:33:38 UTC] PHP Warning:  PHP Startup: Unable to load dynamic library 'sqlite3' (tried: /usr/local/lib/php/extensions/no-debug-non-zts-20190902/sqlite3 (/usr/local/lib/php/extensions/no-debug-non-zts-20190902/sqlite3: cannot open shared object file: No such file or directory), /usr/local/lib/php/extensions/no-debug-non-zts-20190902/sqlite3.so (/usr/local/lib/php/extensions/no-debug-non-zts-20190902/sqlite3.so: cannot open shared object file: No such file or directory)) in Unknown on line 0
[27-Mar-2022 14:33:38 UTC] PHP Warning:  Module 'intl' already loaded in Unknown on line 0
[Sun Mar 27 14:33:38.811339 2022] [mpm_prefork:notice] [pid 1] AH00163: Apache/2.4.52 (Debian) PHP/7.4.28 OpenSSL/1.1.1k configured -- resuming normal operations
[Sun Mar 27 14:33:38.811441 2022] [core:notice] [pid 1] AH00094: Command line: 'apache2 -D FOREGROUND'
[Sun Mar 27 14:35:13.434005 2022] [mpm_prefork:notice] [pid 1] AH00170: caught SIGWINCH, shutting down gracefully
[27-Mar-2022 14:35:24 UTC] PHP Warning:  Module 'curl' already loaded in Unknown on line 0
[27-Mar-2022 14:35:24 UTC] PHP Warning:  PHP Startup: Unable to load dynamic library 'sqlite3' (tried: /usr/local/lib/php/extensions/no-debug-non-zts-20190902/sqlite3 (/usr/local/lib/php/extensions/no-debug-non-zts-20190902/sqlite3: cannot open shared object file: No such file or directory), /usr/local/lib/php/extensions/no-debug-non-zts-20190902/sqlite3.so (/usr/local/lib/php/extensions/no-debug-non-zts-20190902/sqlite3.so: cannot open shared object file: No such file or directory)) in Unknown on line 0
[27-Mar-2022 14:35:24 UTC] PHP Warning:  Module 'intl' already loaded in Unknown on line 0
[Sun Mar 27 14:35:24.746450 2022] [mpm_prefork:notice] [pid 1] AH00163: Apache/2.4.52 (Debian) PHP/7.4.28 OpenSSL/1.1.1k configured -- resuming normal operations
[Sun Mar 27 14:35:24.746542 2022] [core:notice] [pid 1] AH00094: Command line: 'apache2 -D FOREGROUND'
[Sun Mar 27 14:36:23.746944 2022] [mpm_prefork:notice] [pid 1] AH00170: caught SIGWINCH, shutting down gracefully
[27-Mar-2022 14:39:16 UTC] PHP Warning:  Module 'curl' already loaded in Unknown on line 0
[27-Mar-2022 14:39:16 UTC] PHP Warning:  PHP Startup: Unable to load dynamic library 'sqlite3' (tried: /usr/local/lib/php/extensions/no-debug-non-zts-20190902/sqlite3 (/usr/local/lib/php/extensions/no-debug-non-zts-20190902/sqlite3: cannot open shared object file: No such file or directory), /usr/local/lib/php/extensions/no-debug-non-zts-20190902/sqlite3.so (/usr/local/lib/php/extensions/no-debug-non-zts-20190902/sqlite3.so: cannot open shared object file: No such file or directory)) in Unknown on line 0
[27-Mar-2022 14:39:16 UTC] PHP Warning:  Module 'intl' already loaded in Unknown on line 0
[Sun Mar 27 14:39:16.256995 2022] [mpm_prefork:notice] [pid 1] AH00163: Apache/2.4.52 (Debian) PHP/7.4.28 OpenSSL/1.1.1k configured -- resuming normal operations
[Sun Mar 27 14:39:16.257158 2022] [core:notice] [pid 1] AH00094: Command line: 'apache2 -D FOREGROUND'
[Sun Mar 27 14:39:25.085906 2022] [mpm_prefork:notice] [pid 1] AH00170: caught SIGWINCH, shutting down gracefully
[27-Mar-2022 14:39:35 UTC] PHP Warning:  Module 'curl' already loaded in Unknown on line 0
[27-Mar-2022 14:39:35 UTC] PHP Warning:  PHP Startup: Unable to load dynamic library 'sqlite3' (tried: /usr/local/lib/php/extensions/no-debug-non-zts-20190902/sqlite3 (/usr/local/lib/php/extensions/no-debug-non-zts-20190902/sqlite3: cannot open shared object file: No such file or directory), /usr/local/lib/php/extensions/no-debug-non-zts-20190902/sqlite3.so (/usr/local/lib/php/extensions/no-debug-non-zts-20190902/sqlite3.so: cannot open shared object file: No such file or directory)) in Unknown on line 0
[27-Mar-2022 14:39:35 UTC] PHP Warning:  Module 'intl' already loaded in Unknown on line 0
[Sun Mar 27 14:39:35.453650 2022] [mpm_prefork:notice] [pid 1] AH00163: Apache/2.4.52 (Debian) PHP/7.4.28 OpenSSL/1.1.1k configured -- resuming normal operations
[Sun Mar 27 14:39:35.454080 2022] [core:notice] [pid 1] AH00094: Command line: 'apache2 -D FOREGROUND'
[Sun Mar 27 14:41:33.128874 2022] [mpm_prefork:notice] [pid 1] AH00170: caught SIGWINCH, shutting down gracefully
[27-Mar-2022 14:42:02 UTC] PHP Warning:  Module 'curl' already loaded in Unknown on line 0
[27-Mar-2022 14:42:02 UTC] PHP Warning:  PHP Startup: Unable to load dynamic library 'sqlite3' (tried: /usr/local/lib/php/extensions/no-debug-non-zts-20190902/sqlite3 (/usr/local/lib/php/extensions/no-debug-non-zts-20190902/sqlite3: cannot open shared object file: No such file or directory), /usr/local/lib/php/extensions/no-debug-non-zts-20190902/sqlite3.so (/usr/local/lib/php/extensions/no-debug-non-zts-20190902/sqlite3.so: cannot open shared object file: No such file or directory)) in Unknown on line 0
[27-Mar-2022 14:42:02 UTC] PHP Warning:  Module 'intl' already loaded in Unknown on line 0
[Sun Mar 27 14:42:02.546222 2022] [mpm_prefork:notice] [pid 1] AH00163: Apache/2.4.52 (Debian) PHP/7.4.28 OpenSSL/1.1.1k configured -- resuming normal operations
[Sun Mar 27 14:42:02.546354 2022] [core:notice] [pid 1] AH00094: Command line: 'apache2 -D FOREGROUND'
[Sun Mar 27 14:42:56.342259 2022] [autoindex:error] [pid 19] [client 192.168.96.1:56686] AH01276: Cannot serve directory /var/www/html/: No matching DirectoryIndex (index.php,index.html) found, and server-generated directory index forbidden by Options directive
[Sun Mar 27 17:44:43.896529 2022] [mpm_prefork:notice] [pid 1] AH00170: caught SIGWINCH, shutting down gracefully
[27-Mar-2022 17:45:37 UTC] PHP Warning:  Module 'curl' already loaded in Unknown on line 0
[27-Mar-2022 17:45:37 UTC] PHP Warning:  PHP Startup: Unable to load dynamic library 'sqlite3' (tried: /usr/local/lib/php/extensions/no-debug-non-zts-20190902/sqlite3 (/usr/local/lib/php/extensions/no-debug-non-zts-20190902/sqlite3: cannot open shared object file: No such file or directory), /usr/local/lib/php/extensions/no-debug-non-zts-20190902/sqlite3.so (/usr/local/lib/php/extensions/no-debug-non-zts-20190902/sqlite3.so: cannot open shared object file: No such file or directory)) in Unknown on line 0
[27-Mar-2022 17:45:37 UTC] PHP Warning:  Module 'intl' already loaded in Unknown on line 0
[Sun Mar 27 17:45:37.249246 2022] [mpm_prefork:notice] [pid 1] AH00163: Apache/2.4.52 (Debian) PHP/7.4.28 OpenSSL/1.1.1k configured -- resuming normal operations
[Sun Mar 27 17:45:37.249415 2022] [core:notice] [pid 1] AH00094: Command line: 'apache2 -D FOREGROUND'
[27-Mar-2022 17:51:18 UTC] PHP Warning:  Module 'curl' already loaded in Unknown on line 0
[27-Mar-2022 17:51:18 UTC] PHP Warning:  PHP Startup: Unable to load dynamic library 'sqlite3' (tried: /usr/local/lib/php/extensions/no-debug-non-zts-20190902/sqlite3 (/usr/local/lib/php/extensions/no-debug-non-zts-20190902/sqlite3: cannot open shared object file: No such file or directory), /usr/local/lib/php/extensions/no-debug-non-zts-20190902/sqlite3.so (/usr/local/lib/php/extensions/no-debug-non-zts-20190902/sqlite3.so: cannot open shared object file: No such file or directory)) in Unknown on line 0
[27-Mar-2022 17:51:18 UTC] PHP Warning:  Module 'intl' already loaded in Unknown on line 0
[27-Mar-2022 17:51:18 UTC] PHP Warning:  Module 'curl' already loaded in Unknown on line 0
[27-Mar-2022 17:51:18 UTC] PHP Warning:  PHP Startup: Unable to load dynamic library 'sqlite3' (tried: /usr/local/lib/php/extensions/no-debug-non-zts-20190902/sqlite3 (/usr/local/lib/php/extensions/no-debug-non-zts-20190902/sqlite3: cannot open shared object file: No such file or directory), /usr/local/lib/php/extensions/no-debug-non-zts-20190902/sqlite3.so (/usr/local/lib/php/extensions/no-debug-non-zts-20190902/sqlite3.so: cannot open shared object file: No such file or directory)) in Unknown on line 0
[27-Mar-2022 17:51:18 UTC] PHP Warning:  Module 'intl' already loaded in Unknown on line 0
[Sun Mar 27 17:54:03.669920 2022] [php7:error] [pid 19] [client 192.168.112.1:38100] script '/var/www/html/curso-udemy-ci4/index.php' not found or unable to stat, referer: http://localhost:8084/curso-udemy-ci4/public/
[27-Mar-2022 18:28:37 UTC] PHP Warning:  Module 'curl' already loaded in Unknown on line 0
[27-Mar-2022 18:28:37 UTC] PHP Warning:  PHP Startup: Unable to load dynamic library 'sqlite3' (tried: /usr/local/lib/php/extensions/no-debug-non-zts-20190902/sqlite3 (/usr/local/lib/php/extensions/no-debug-non-zts-20190902/sqlite3: cannot open shared object file: No such file or directory), /usr/local/lib/php/extensions/no-debug-non-zts-20190902/sqlite3.so (/usr/local/lib/php/extensions/no-debug-non-zts-20190902/sqlite3.so: cannot open shared object file: No such file or directory)) in Unknown on line 0
[27-Mar-2022 18:28:37 UTC] PHP Warning:  Module 'intl' already loaded in Unknown on line 0
[Sun Mar 27 18:28:37.903330 2022] [mpm_prefork:notice] [pid 1] AH00163: Apache/2.4.52 (Debian) PHP/7.4.28 OpenSSL/1.1.1k configured -- resuming normal operations
[Sun Mar 27 18:28:37.903393 2022] [core:notice] [pid 1] AH00094: Command line: 'apache2 -D FOREGROUND'
[Sun Mar 27 18:28:39.861214 2022] [php7:error] [pid 17] [client 192.168.112.1:49688] script '/var/www/html/curso-udemy-ci4/index.php' not found or unable to stat, referer: http://localhost:8084/curso-udemy-ci4/public/
[Sun Mar 27 18:32:00.683332 2022] [php7:error] [pid 19] [client 192.168.112.1:50176] script '/var/www/html/curso-udemy-ci4/index.php' not found or unable to stat, referer: http://localhost:8084/curso-udemy-ci4/public/
[Sun Mar 27 18:32:02.740488 2022] [php7:error] [pid 19] [client 192.168.112.1:50176] script '/var/www/html/curso-udemy-ci4/index.php' not found or unable to stat, referer: http://localhost:8084/curso-udemy-ci4/public/
[Sun Mar 27 18:32:05.413206 2022] [php7:error] [pid 19] [client 192.168.112.1:50176] script '/var/www/html/curso-udemy-ci4/index.php' not found or unable to stat, referer: http://localhost:8084/curso-udemy-ci4/public/
[Sun Mar 27 18:32:06.916761 2022] [php7:error] [pid 19] [client 192.168.112.1:50176] script '/var/www/html/curso-udemy-ci4/index.php' not found or unable to stat, referer: http://localhost:8084/curso-udemy-ci4/public/
[Sun Mar 27 18:32:07.951794 2022] [php7:error] [pid 19] [client 192.168.112.1:50176] script '/var/www/html/curso-udemy-ci4/index.php' not found or unable to stat, referer: http://localhost:8084/curso-udemy-ci4/public/
[Sun Mar 27 18:32:09.430322 2022] [php7:error] [pid 19] [client 192.168.112.1:50176] script '/var/www/html/curso-udemy-ci4/index.php' not found or unable to stat, referer: http://localhost:8084/curso-udemy-ci4/public/
[Sun Mar 27 18:32:13.180198 2022] [php7:error] [pid 19] [client 192.168.112.1:50176] script '/var/www/html/curso-udemy-ci4/index.php' not found or unable to stat, referer: http://localhost:8084/curso-udemy-ci4/public/
[Sun Mar 27 19:03:52.778370 2022] [php7:error] [pid 21] [client 192.168.112.1:54670] script '/var/www/html/curso-udemy-ci4/index.php' not found or unable to stat, referer: http://localhost:8084/curso-udemy-ci4/public/movies
[Sun Mar 27 19:08:16.353027 2022] [php7:error] [pid 17] [client 192.168.112.1:55304] script '/var/www/html/curso-udemy-ci4/index.php' not found or unable to stat, referer: http://localhost:8084/curso-udemy-ci4/public/movie
[02-Apr-2022 18:41:57 UTC] PHP Warning:  Module 'curl' already loaded in Unknown on line 0
[02-Apr-2022 18:41:57 UTC] PHP Warning:  PHP Startup: Unable to load dynamic library 'sqlite3' (tried: /usr/local/lib/php/extensions/no-debug-non-zts-20190902/sqlite3 (/usr/local/lib/php/extensions/no-debug-non-zts-20190902/sqlite3: cannot open shared object file: No such file or directory), /usr/local/lib/php/extensions/no-debug-non-zts-20190902/sqlite3.so (/usr/local/lib/php/extensions/no-debug-non-zts-20190902/sqlite3.so: cannot open shared object file: No such file or directory)) in Unknown on line 0
[02-Apr-2022 18:41:57 UTC] PHP Warning:  Module 'intl' already loaded in Unknown on line 0
[Sat Apr 02 18:41:57.672174 2022] [mpm_prefork:notice] [pid 1] AH00163: Apache/2.4.52 (Debian) PHP/7.4.28 OpenSSL/1.1.1k configured -- resuming normal operations
[Sat Apr 02 18:41:57.672242 2022] [core:notice] [pid 1] AH00094: Command line: 'apache2 -D FOREGROUND'
[Sat Apr 02 18:42:31.376164 2022] [php7:error] [pid 18] [client 192.168.112.1:47332] script '/var/www/html/curso-udemy-ci4/index.php' not found or unable to stat, referer: http://localhost:8084/curso-udemy-ci4/public/movie
[Sat Apr 02 18:44:29.367372 2022] [php7:error] [pid 20] [client 192.168.112.1:47336] script '/var/www/html/curso-udemy-ci4/index.php' not found or unable to stat, referer: http://localhost:8084/curso-udemy-ci4/public/movie
[Sat Apr 02 18:45:08.352527 2022] [php7:error] [pid 21] [client 192.168.112.1:47338] script '/var/www/html/curso-udemy-ci4/index.php' not found or unable to stat, referer: http://localhost:8084/curso-udemy-ci4/public/movie/test
[Sat Apr 02 18:46:31.545406 2022] [php7:error] [pid 23] [client 192.168.112.1:47342] script '/var/www/html/curso-udemy-ci4/index.php' not found or unable to stat, referer: http://localhost:8084/curso-udemy-ci4/public/movie/test
[Sat Apr 02 18:47:11.810522 2022] [php7:error] [pid 18] [client 192.168.112.1:47344] script '/var/www/html/curso-udemy-ci4/index.php' not found or unable to stat, referer: http://localhost:8084/curso-udemy-ci4/public/movie
[Sat Apr 02 18:47:34.104639 2022] [php7:error] [pid 19] [client 192.168.112.1:47346] script '/var/www/html/curso-udemy-ci4/index.php' not found or unable to stat, referer: http://localhost:8084/curso-udemy-ci4/public/movie
[Sat Apr 02 18:53:00.602490 2022] [php7:error] [pid 22] [client 192.168.112.1:47352] script '/var/www/html/curso-udemy-ci4/index.php' not found or unable to stat, referer: http://localhost:8084/curso-udemy-ci4/public/category
[Sat Apr 02 18:57:27.151293 2022] [php7:error] [pid 19] [client 192.168.112.1:47358] PHP Fatal error:  Cannot declare class App\\Controllers\\CategoryController, because the name is already in use in /var/www/html/curso-udemy-ci4/app/Controllers/dashboard/CategoryController.php on line 10
[Sat Apr 02 19:54:12.693028 2022] [php7:error] [pid 22] [client 192.168.112.1:47382] script '/var/www/html/curso-udemy-ci4/index.php' not found or unable to stat, referer: http://localhost:8084/curso-udemy-ci4/public/category
[Sat Apr 02 20:13:34.078266 2022] [php7:error] [pid 21] [client 192.168.112.1:47388] script '/var/www/html/curso-udemy-ci4/index.php' not found or unable to stat, referer: http://localhost:8084/curso-udemy-ci4/public/movie
[Sat Apr 02 20:13:55.492446 2022] [php7:error] [pid 19] [client 192.168.112.1:47386] script '/var/www/html/curso-udemy-ci4/index.php' not found or unable to stat, referer: http://localhost:8084/curso-udemy-ci4/public/movie
[Sat Apr 02 20:14:48.214495 2022] [php7:error] [pid 20] [client 192.168.112.1:47392] script '/var/www/html/curso-udemy-ci4/index.php' not found or unable to stat, referer: http://localhost:8084/curso-udemy-ci4/public/movie
[Sat Apr 02 20:15:17.824183 2022] [php7:error] [pid 18] [client 192.168.112.1:47396] script '/var/www/html/curso-udemy-ci4/index.php' not found or unable to stat, referer: http://localhost:8084/curso-udemy-ci4/public/movie
[Sat Apr 02 20:15:42.209146 2022] [php7:error] [pid 24] [client 192.168.112.1:47400] script '/var/www/html/curso-udemy-ci4/index.php' not found or unable to stat, referer: http://localhost:8084/curso-udemy-ci4/public/movie
[Sat Apr 02 20:15:45.116464 2022] [php7:error] [pid 19] [client 192.168.112.1:47402] script '/var/www/html/curso-udemy-ci4/index.php' not found or unable to stat, referer: http://localhost:8084/curso-udemy-ci4/public/movie
[Sat Apr 02 20:15:48.479881 2022] [php7:error] [pid 19] [client 192.168.112.1:47402] script '/var/www/html/curso-udemy-ci4/index.php' not found or unable to stat, referer: http://localhost:8084/curso-udemy-ci4/public/movie
[Sat Apr 02 20:15:58.682471 2022] [php7:error] [pid 20] [client 192.168.112.1:47406] script '/var/www/html/curso-udemy-ci4/index.php' not found or unable to stat, referer: http://localhost:8084/curso-udemy-ci4/public/movie
[Sat Apr 02 20:16:04.027495 2022] [php7:error] [pid 18] [client 192.168.112.1:47412] script '/var/www/html/curso-udemy-ci4/index.php' not found or unable to stat, referer: http://localhost:8084/curso-udemy-ci4/public/movie
[Sat Apr 02 20:16:18.232039 2022] [php7:error] [pid 21] [client 192.168.112.1:47410] script '/var/www/html/curso-udemy-ci4/index.php' not found or unable to stat, referer: http://localhost:8084/curso-udemy-ci4/public/movie
[Sat Apr 02 20:16:48.660014 2022] [php7:error] [pid 24] [client 192.168.112.1:47414] script '/var/www/html/curso-udemy-ci4/index.php' not found or unable to stat, referer: http://localhost:8084/curso-udemy-ci4/public/movie
[Sat Apr 02 20:17:54.022709 2022] [php7:error] [pid 23] [client 192.168.112.1:47418] script '/var/www/html/curso-udemy-ci4/index.php' not found or unable to stat, referer: http://localhost:8084/curso-udemy-ci4/public/movie
[Sat Apr 02 20:18:24.003638 2022] [php7:error] [pid 22] [client 192.168.112.1:47422] script '/var/www/html/curso-udemy-ci4/index.php' not found or unable to stat, referer: http://localhost:8084/curso-udemy-ci4/public/movie
[Sat Apr 02 20:18:55.786899 2022] [php7:error] [pid 21] [client 192.168.112.1:47426] script '/var/www/html/curso-udemy-ci4/index.php' not found or unable to stat, referer: http://localhost:8084/curso-udemy-ci4/public/movie
[Sat Apr 02 20:19:49.069699 2022] [php7:error] [pid 19] [client 192.168.112.1:47432] script '/var/www/html/curso-udemy-ci4/index.php' not found or unable to stat, referer: http://localhost:8084/curso-udemy-ci4/public/movie
[Sat Apr 02 20:20:01.907289 2022] [php7:error] [pid 23] [client 192.168.112.1:47434] script '/var/www/html/curso-udemy-ci4/index.php' not found or unable to stat, referer: http://localhost:8084/curso-udemy-ci4/public/movie
[Sat Apr 02 20:20:04.296121 2022] [php7:error] [pid 23] [client 192.168.112.1:47434] script '/var/www/html/curso-udemy-ci4/index.php' not found or unable to stat, referer: http://localhost:8084/curso-udemy-ci4/public/movie
[Sat Apr 02 20:20:17.456388 2022] [php7:error] [pid 20] [client 192.168.112.1:47436] script '/var/www/html/curso-udemy-ci4/index.php' not found or unable to stat, referer: http://localhost:8084/curso-udemy-ci4/public/movie
[Sat Apr 02 20:20:28.751011 2022] [php7:error] [pid 22] [client 192.168.112.1:47438] script '/var/www/html/curso-udemy-ci4/index.php' not found or unable to stat, referer: http://localhost:8084/curso-udemy-ci4/public/movie
[Sat Apr 02 20:23:51.298621 2022] [php7:error] [pid 21] [client 192.168.112.1:47442] script '/var/www/html/curso-udemy-ci4/index.php' not found or unable to stat, referer: http://localhost:8084/curso-udemy-ci4/public/movie
[Sat Apr 02 20:24:05.952249 2022] [php7:error] [pid 24] [client 192.168.112.1:47444] script '/var/www/html/curso-udemy-ci4/index.php' not found or unable to stat, referer: http://localhost:8084/curso-udemy-ci4/public/movie
[Sat Apr 02 20:24:15.103385 2022] [php7:error] [pid 19] [client 192.168.112.1:47446] script '/var/www/html/curso-udemy-ci4/index.php' not found or unable to stat, referer: http://localhost:8084/curso-udemy-ci4/public/movie
[Sat Apr 02 20:32:50.839007 2022] [php7:error] [pid 20] [client 192.168.112.1:47452] script '/var/www/html/curso-udemy-ci4/index.php' not found or unable to stat, referer: http://localhost:8084/curso-udemy-ci4/public/movie
[Sat Apr 02 20:42:17.563378 2022] [php7:error] [pid 18] [client 192.168.112.1:47456] script '/var/www/html/curso-udemy-ci4/index.php' not found or unable to stat, referer: http://localhost:8084/curso-udemy-ci4/public/contact
[Sat Apr 02 20:42:55.895336 2022] [php7:error] [pid 21] [client 192.168.112.1:47458] script '/var/www/html/curso-udemy-ci4/index.php' not found or unable to stat, referer: http://localhost:8084/curso-udemy-ci4/public/contact
[Sat Apr 02 20:43:11.888302 2022] [php7:error] [pid 24] [client 192.168.112.1:47460] script '/var/www/html/curso-udemy-ci4/index.php' not found or unable to stat, referer: http://localhost:8084/curso-udemy-ci4/public/contact
[Sat Apr 02 20:45:30.111053 2022] [php7:error] [pid 23] [client 192.168.112.1:47466] script '/var/www/html/curso-udemy-ci4/index.php' not found or unable to stat, referer: http://localhost:8084/curso-udemy-ci4/public/contact/milka
[Sat Apr 02 20:45:36.581576 2022] [php7:error] [pid 22] [client 192.168.112.1:47468] script '/var/www/html/curso-udemy-ci4/index.php' not found or unable to stat, referer: http://localhost:8084/curso-udemy-ci4/public/contact/milka
[Sat Apr 02 20:45:41.971250 2022] [php7:error] [pid 18] [client 192.168.112.1:47470] script '/var/www/html/curso-udemy-ci4/index.php' not found or unable to stat, referer: http://localhost:8084/curso-udemy-ci4/public/contact/milka
[Sat Apr 02 20:47:41.429985 2022] [php7:error] [pid 24] [client 192.168.112.1:47474] script '/var/www/html/curso-udemy-ci4/index.php' not found or unable to stat, referer: http://localhost:8084/curso-udemy-ci4/public/contact/milka
[Sat Apr 02 20:48:07.176079 2022] [php7:error] [pid 23] [client 192.168.112.1:47482] script '/var/www/html/curso-udemy-ci4/index.php' not found or unable to stat, referer: http://localhost:8084/curso-udemy-ci4/public/contact
[Sat Apr 02 20:51:22.141392 2022] [mpm_prefork:notice] [pid 1] AH00170: caught SIGWINCH, shutting down gracefully
[03-Apr-2022 09:21:53 UTC] PHP Warning:  Module 'curl' already loaded in Unknown on line 0
[03-Apr-2022 09:21:53 UTC] PHP Warning:  PHP Startup: Unable to load dynamic library 'sqlite3' (tried: /usr/local/lib/php/extensions/no-debug-non-zts-20190902/sqlite3 (/usr/local/lib/php/extensions/no-debug-non-zts-20190902/sqlite3: cannot open shared object file: No such file or directory), /usr/local/lib/php/extensions/no-debug-non-zts-20190902/sqlite3.so (/usr/local/lib/php/extensions/no-debug-non-zts-20190902/sqlite3.so: cannot open shared object file: No such file or directory)) in Unknown on line 0
[03-Apr-2022 09:21:53 UTC] PHP Warning:  Module 'intl' already loaded in Unknown on line 0
[Sun Apr 03 09:21:53.299493 2022] [mpm_prefork:notice] [pid 1] AH00163: Apache/2.4.52 (Debian) PHP/7.4.28 OpenSSL/1.1.1k configured -- resuming normal operations
[Sun Apr 03 09:21:53.299646 2022] [core:notice] [pid 1] AH00094: Command line: 'apache2 -D FOREGROUND'
[Sun Apr 03 09:24:57.411098 2022] [php7:error] [pid 18] [client 172.18.0.1:49312] script '/var/www/html/curso-udemy-ci4/index.php' not found or unable to stat, referer: http://localhost:8084/curso-udemy-ci4/public/category
[Sun Apr 03 09:25:01.071148 2022] [php7:error] [pid 18] [client 172.18.0.1:49312] script '/var/www/html/curso-udemy-ci4/index.php' not found or unable to stat, referer: http://localhost:8084/curso-udemy-ci4/public/
[Sun Apr 03 09:25:07.513478 2022] [php7:error] [pid 19] [client 172.18.0.1:49314] script '/var/www/html/curso-udemy-ci4/index.php' not found or unable to stat, referer: http://localhost:8084/curso-udemy-ci4/public/movie
[Sun Apr 03 09:28:23.895345 2022] [php7:error] [pid 19] [client 172.18.0.1:49328] script '/var/www/html/curso-udemy-ci4/index.php' not found or unable to stat, referer: http://localhost:8084/curso-udemy-ci4/public/movie
[Sun Apr 03 09:28:56.196472 2022] [php7:error] [pid 20] [client 172.18.0.1:49330] script '/var/www/html/curso-udemy-ci4/index.php' not found or unable to stat, referer: http://localhost:8084/curso-udemy-ci4/public/movie
[Sun Apr 03 09:29:08.838911 2022] [php7:error] [pid 21] [client 172.18.0.1:49332] script '/var/www/html/curso-udemy-ci4/index.php' not found or unable to stat, referer: http://localhost:8084/curso-udemy-ci4/public/movie
[Sun Apr 03 09:31:08.579322 2022] [php7:error] [pid 23] [client 172.18.0.1:49336] script '/var/www/html/curso-udemy-ci4/index.php' not found or unable to stat, referer: http://localhost:8084/curso-udemy-ci4/public/movie
[Sun Apr 03 09:56:11.096065 2022] [php7:error] [pid 22] [client 172.18.0.1:49378] script '/var/www/html/index.php' not found or unable to stat
[Sun Apr 03 09:56:12.344856 2022] [php7:error] [pid 22] [client 172.18.0.1:49378] script '/var/www/html/index.php' not found or unable to stat
[Sun Apr 03 09:56:16.542178 2022] [php7:error] [pid 22] [client 172.18.0.1:49378] script '/var/www/html/index.php' not found or unable to stat
[03-Apr-2022 11:10:32 UTC] PHP Warning:  Module 'curl' already loaded in Unknown on line 0
[03-Apr-2022 11:10:32 UTC] PHP Warning:  PHP Startup: Unable to load dynamic library 'sqlite3' (tried: /usr/local/lib/php/extensions/no-debug-non-zts-20190902/sqlite3 (/usr/local/lib/php/extensions/no-debug-non-zts-20190902/sqlite3: cannot open shared object file: No such file or directory), /usr/local/lib/php/extensions/no-debug-non-zts-20190902/sqlite3.so (/usr/local/lib/php/extensions/no-debug-non-zts-20190902/sqlite3.so: cannot open shared object file: No such file or directory)) in Unknown on line 0
[03-Apr-2022 11:10:32 UTC] PHP Warning:  Module 'intl' already loaded in Unknown on line 0
[Sun Apr 03 11:10:32.576726 2022] [mpm_prefork:notice] [pid 1] AH00163: Apache/2.4.52 (Debian) PHP/7.4.28 OpenSSL/1.1.1k configured -- resuming normal operations
[Sun Apr 03 11:10:32.576791 2022] [core:notice] [pid 1] AH00094: Command line: 'apache2 -D FOREGROUND'
[Sun Apr 03 11:10:37.255260 2022] [php7:warn] [pid 18] [client 172.19.0.1:33808] PHP Warning:  require(/var/www/html/curso-udemy-ci4/app/Config/../../vendor/codeigniter4/framework/system/bootstrap.php): failed to open stream: No such file or directory in /var/www/html/curso-udemy-ci4/index.php on line 28
[Sun Apr 03 11:10:37.255313 2022] [php7:error] [pid 18] [client 172.19.0.1:33808] PHP Fatal error:  require(): Failed opening required '/var/www/html/curso-udemy-ci4/app/Config/../../vendor/codeigniter4/framework/system/bootstrap.php' (include_path='.:/usr/local/lib/php') in /var/www/html/curso-udemy-ci4/index.php on line 28
[Sun Apr 03 11:11:28.885214 2022] [php7:warn] [pid 20] [client 172.19.0.1:33814] PHP Warning:  require(/var/www/html/curso-udemy-ci4/app/Config/../../vendor/codeigniter4/framework/system/bootstrap.php): failed to open stream: No such file or directory in /var/www/html/curso-udemy-ci4/index.php on line 28
[Sun Apr 03 11:11:28.885297 2022] [php7:error] [pid 20] [client 172.19.0.1:33814] PHP Fatal error:  require(): Failed opening required '/var/www/html/curso-udemy-ci4/app/Config/../../vendor/codeigniter4/framework/system/bootstrap.php' (include_path='.:/usr/local/lib/php') in /var/www/html/curso-udemy-ci4/index.php on line 28
[Sun Apr 03 11:11:31.224467 2022] [php7:warn] [pid 20] [client 172.19.0.1:33814] PHP Warning:  require(/var/www/html/curso-udemy-ci4/app/Config/../../vendor/codeigniter4/framework/system/bootstrap.php): failed to open stream: No such file or directory in /var/www/html/curso-udemy-ci4/index.php on line 28
[Sun Apr 03 11:11:31.224507 2022] [php7:error] [pid 20] [client 172.19.0.1:33814] PHP Fatal error:  require(): Failed opening required '/var/www/html/curso-udemy-ci4/app/Config/../../vendor/codeigniter4/framework/system/bootstrap.php' (include_path='.:/usr/local/lib/php') in /var/www/html/curso-udemy-ci4/index.php on line 28
[Sun Apr 03 11:14:01.997300 2022] [php7:warn] [pid 17] [client 172.19.0.1:33818] PHP Warning:  require(/var/www/html/curso-udemy-ci4/app/Config/../../vendor/codeigniter4/framework/system/bootstrap.php): failed to open stream: No such file or directory in /var/www/html/curso-udemy-ci4/index.php on line 28
[Sun Apr 03 11:14:01.997368 2022] [php7:error] [pid 17] [client 172.19.0.1:33818] PHP Fatal error:  require(): Failed opening required '/var/www/html/curso-udemy-ci4/app/Config/../../vendor/codeigniter4/framework/system/bootstrap.php' (include_path='.:/usr/local/lib/php') in /var/www/html/curso-udemy-ci4/index.php on line 28
[Sun Apr 03 11:14:06.650213 2022] [php7:warn] [pid 17] [client 172.19.0.1:33818] PHP Warning:  require(/var/www/html/curso-udemy-ci4/app/Config/../../vendor/codeigniter4/framework/system/bootstrap.php): failed to open stream: No such file or directory in /var/www/html/curso-udemy-ci4/index.php on line 28
[Sun Apr 03 11:14:06.650265 2022] [php7:error] [pid 17] [client 172.19.0.1:33818] PHP Fatal error:  require(): Failed opening required '/var/www/html/curso-udemy-ci4/app/Config/../../vendor/codeigniter4/framework/system/bootstrap.php' (include_path='.:/usr/local/lib/php') in /var/www/html/curso-udemy-ci4/index.php on line 28
[03-Apr-2022 11:55:13 UTC] PHP Warning:  Module 'curl' already loaded in Unknown on line 0
[03-Apr-2022 11:55:13 UTC] PHP Warning:  PHP Startup: Unable to load dynamic library 'sqlite3' (tried: /usr/local/lib/php/extensions/no-debug-non-zts-20190902/sqlite3 (/usr/local/lib/php/extensions/no-debug-non-zts-20190902/sqlite3: cannot open shared object file: No such file or directory), /usr/local/lib/php/extensions/no-debug-non-zts-20190902/sqlite3.so (/usr/local/lib/php/extensions/no-debug-non-zts-20190902/sqlite3.so: cannot open shared object file: No such file or directory)) in Unknown on line 0
[03-Apr-2022 11:55:13 UTC] PHP Warning:  Module 'intl' already loaded in Unknown on line 0
[Sun Apr 03 11:59:46.103943 2022] [mpm_prefork:notice] [pid 1] AH00170: caught SIGWINCH, shutting down gracefully
[03-Apr-2022 11:59:56 UTC] PHP Warning:  Module 'curl' already loaded in Unknown on line 0
[03-Apr-2022 11:59:56 UTC] PHP Warning:  PHP Startup: Unable to load dynamic library 'sqlite3' (tried: /usr/local/lib/php/extensions/no-debug-non-zts-20190902/sqlite3 (/usr/local/lib/php/extensions/no-debug-non-zts-20190902/sqlite3: cannot open shared object file: No such file or directory), /usr/local/lib/php/extensions/no-debug-non-zts-20190902/sqlite3.so (/usr/local/lib/php/extensions/no-debug-non-zts-20190902/sqlite3.so: cannot open shared object file: No such file or directory)) in Unknown on line 0
[03-Apr-2022 11:59:56 UTC] PHP Warning:  Module 'intl' already loaded in Unknown on line 0
[Sun Apr 03 11:59:56.430484 2022] [mpm_prefork:notice] [pid 1] AH00163: Apache/2.4.52 (Debian) PHP/7.4.28 OpenSSL/1.1.1k configured -- resuming normal operations
[Sun Apr 03 11:59:56.430551 2022] [core:notice] [pid 1] AH00094: Command line: 'apache2 -D FOREGROUND'
[Sun Apr 03 12:01:49.749148 2022] [mpm_prefork:notice] [pid 1] AH00170: caught SIGWINCH, shutting down gracefully
[03-Apr-2022 12:06:32 UTC] PHP Warning:  Module 'curl' already loaded in Unknown on line 0
[03-Apr-2022 12:06:32 UTC] PHP Warning:  PHP Startup: Unable to load dynamic library 'sqlite3' (tried: /usr/local/lib/php/extensions/no-debug-non-zts-20190902/sqlite3 (/usr/local/lib/php/extensions/no-debug-non-zts-20190902/sqlite3: cannot open shared object file: No such file or directory), /usr/local/lib/php/extensions/no-debug-non-zts-20190902/sqlite3.so (/usr/local/lib/php/extensions/no-debug-non-zts-20190902/sqlite3.so: cannot open shared object file: No such file or directory)) in Unknown on line 0
[03-Apr-2022 12:06:32 UTC] PHP Warning:  Module 'intl' already loaded in Unknown on line 0
[Sun Apr 03 12:06:32.351012 2022] [mpm_prefork:notice] [pid 1] AH00163: Apache/2.4.52 (Debian) PHP/7.4.28 OpenSSL/1.1.1k configured -- resuming normal operations
[Sun Apr 03 12:06:32.351093 2022] [core:notice] [pid 1] AH00094: Command line: 'apache2 -D FOREGROUND'
[03-Apr-2022 14:57:14 UTC] PHP Warning:  Module 'curl' already loaded in Unknown on line 0
[03-Apr-2022 14:57:14 UTC] PHP Warning:  PHP Startup: Unable to load dynamic library 'sqlite3' (tried: /usr/local/lib/php/extensions/no-debug-non-zts-20190902/sqlite3 (/usr/local/lib/php/extensions/no-debug-non-zts-20190902/sqlite3: cannot open shared object file: No such file or directory), /usr/local/lib/php/extensions/no-debug-non-zts-20190902/sqlite3.so (/usr/local/lib/php/extensions/no-debug-non-zts-20190902/sqlite3.so: cannot open shared object file: No such file or directory)) in Unknown on line 0
[03-Apr-2022 14:57:14 UTC] PHP Warning:  Module 'intl' already loaded in Unknown on line 0
[Sun Apr 03 14:57:14.315462 2022] [mpm_prefork:notice] [pid 1] AH00163: Apache/2.4.52 (Debian) PHP/7.4.28 OpenSSL/1.1.1k configured -- resuming normal operations
[Sun Apr 03 14:57:14.315622 2022] [core:notice] [pid 1] AH00094: Command line: 'apache2 -D FOREGROUND'
